2026-04-04 13:29:54.864724 - ALERT - CPU:40.0 MEMORY:88.7
2026-04-04 13:31:04.915687 - ALERT - CPU:12.8 MEMORY:88.5
2026-04-04 13:31:19.898304 - ALERT - CPU:20.1 MEMORY:87.1
2026-04-04 13:31:24.815428 - ALERT - CPU:18.4 MEMORY:86.9
2026-04-04 13:31:29.793903 - ALERT - CPU:13.6 MEMORY:86.8
2026-04-04 13:31:34.874170 - ALERT - CPU:11.4 MEMORY:87.0
2026-04-04 13:31:39.821479 - ALERT - CPU:10.0 MEMORY:87.2
2026-04-04 13:31:44.802868 - ALERT - CPU:9.1 MEMORY:87.1
2026-04-04 13:32:14.796122 - ALERT - CPU:8.8 MEMORY:88.9
2026-04-04 13:32:19.800808 - ALERT - CPU:12.7 MEMORY:88.9
2026-04-04 13:32:24.804423 - ALERT - CPU:9.5 MEMORY:88.9
2026-04-04 13:32:34.795722 - ALERT - CPU:5.1 MEMORY:87.0
2026-04-04 13:32:44.796838 - ALERT - CPU:16.7 MEMORY:86.9
2026-04-04 13:32:59.819335 - ALERT - CPU:7.4 MEMORY:86.8
2026-04-04 13:33:09.768895 - ALERT - CPU:10.1 MEMORY:86.6
2026-04-04 13:33:14.780778 - ALERT - CPU:9.9 MEMORY:86.5
2026-04-04 13:33:44.772003 - ALERT - CPU:17.9 MEMORY:86.7
2026-04-04 13:33:54.734369 - ALERT - CPU:23.6 MEMORY:86.9
2026-04-04 13:34:04.809141 - ALERT - CPU:29.9 MEMORY:87.0
2026-04-04 13:34:09.803066 - ALERT - CPU:19.8 MEMORY:87.1
2026-04-04 13:35:04.859146 - ALERT - CPU:5.9 MEMORY:87.0
2026-04-04 13:35:09.817020 - ALERT - CPU:16.7 MEMORY:84.8
2026-04-04 13:35:14.758891 - ALERT - CPU:8.7 MEMORY:84.9
2026-04-04 13:35:19.780131 - ALERT - CPU:24.1 MEMORY:84.8
2026-04-04 13:35:24.818560 - ALERT - CPU:11.8 MEMORY:84.9
2026-04-04 13:35:29.800578 - ALERT - CPU:17.8 MEMORY:85.0
2026-04-04 13:35:34.806661 - ALERT - CPU:10.2 MEMORY:85.0
2026-04-04 13:35:54.825594 - ALERT - CPU:29.4 MEMORY:85.4
2026-04-04 13:35:59.787045 - ALERT - CPU:29.9 MEMORY:85.6
2026-04-04 13:36:04.759063 - ALERT - CPU:13.8 MEMORY:85.7
2026-04-04 13:36:09.804811 - ALERT - CPU:22.5 MEMORY:85.8
2026-04-04 13:36:19.766576 - ALERT - CPU:34.0 MEMORY:85.8
2026-04-04 13:36:29.803124 - ALERT - CPU:19.0 MEMORY:85.9
2026-04-04 13:36:49.865715 - ALERT - CPU:42.8 MEMORY:86.6
2026-04-04 13:36:54.804529 - ALERT - CPU:40.2 MEMORY:85.6
2026-04-04 13:36:59.767272 - ALERT - CPU:27.0 MEMORY:86.9
2026-04-04 13:37:09.835522 - ALERT - CPU:17.2 MEMORY:87.0
2026-04-04 13:37:14.787867 - ALERT - CPU:20.4 MEMORY:86.7
2026-04-04 13:37:24.804270 - ALERT - CPU:9.8 MEMORY:86.7
2026-04-04 13:37:29.722612 - ALERT - CPU:25.9 MEMORY:87.7
2026-04-04 13:37:34.792223 - ALERT - CPU:12.1 MEMORY:87.1
2026-04-04 13:37:44.751687 - ALERT - CPU:29.7 MEMORY:87.5
2026-04-04 13:37:49.774040 - ALERT - CPU:23.3 MEMORY:88.2
2026-04-04 13:38:39.845892 - ALERT - CPU:13.8 MEMORY:88.7
2026-04-04 13:39:14.811613 - ALERT - CPU:29.3 MEMORY:87.8
2026-04-04 13:39:29.779335 - ALERT - CPU:7.8 MEMORY:86.3
2026-04-04 13:39:34.794284 - ALERT - CPU:6.7 MEMORY:85.9
2026-04-04 13:39:39.753409 - ALERT - CPU:9.4 MEMORY:86.1
2026-04-04 13:39:49.743130 - ALERT - CPU:5.9 MEMORY:86.4
2026-04-04 13:39:54.776959 - ALERT - CPU:8.0 MEMORY:86.0
2026-04-04 13:39:59.789648 - ALERT - CPU:11.1 MEMORY:85.7
2026-04-04 13:40:04.769742 - ALERT - CPU:7.5 MEMORY:85.6
2026-04-04 13:40:09.747432 - ALERT - CPU:24.5 MEMORY:84.4
2026-04-04 13:40:14.775816 - ALERT - CPU:27.5 MEMORY:83.9
2026-04-04 13:40:19.803659 - ALERT - CPU:14.4 MEMORY:83.8
2026-04-04 13:40:24.745380 - ALERT - CPU:11.6 MEMORY:82.9
2026-04-04 13:40:29.771838 - ALERT - CPU:9.0 MEMORY:83.1
2026-04-04 13:40:34.783602 - ALERT - CPU:7.4 MEMORY:82.9
2026-04-04 13:40:59.761617 - ALERT - CPU:5.2 MEMORY:83.1
2026-04-04 13:42:39.742475 - ALERT - CPU:16.8 MEMORY:83.2
2026-04-04 13:42:49.757399 - ALERT - CPU:17.5 MEMORY:84.1
2026-04-04 13:42:54.780290 - ALERT - CPU:17.0 MEMORY:84.0
2026-04-04 13:42:59.763391 - ALERT - CPU:25.2 MEMORY:84.6
2026-04-04 13:43:04.828674 - ALERT - CPU:10.7 MEMORY:85.7
2026-04-04 13:43:09.722004 - ALERT - CPU:13.8 MEMORY:86.4
2026-04-04 13:43:14.774310 - ALERT - CPU:8.0 MEMORY:85.8
2026-04-04 13:43:19.911385 - ALERT - CPU:9.1 MEMORY:86.1
2026-04-04 13:43:24.725931 - ALERT - CPU:14.6 MEMORY:84.8
2026-04-04 13:43:29.736014 - ALERT - CPU:11.5 MEMORY:85.0
2026-04-04 13:43:34.725526 - ALERT - CPU:20.8 MEMORY:85.7
2026-04-04 13:43:59.784728 - ALERT - CPU:5.8 MEMORY:84.7
2026-04-04 13:44:09.767218 - ALERT - CPU:22.8 MEMORY:84.6
2026-04-04 13:44:34.728581 - ALERT - CPU:24.3 MEMORY:86.0
2026-04-04 13:44:39.808538 - ALERT - CPU:26.2 MEMORY:85.9
2026-04-04 13:45:14.701008 - ALERT - CPU:11.9 MEMORY:83.8
2026-04-04 13:45:19.740670 - ALERT - CPU:5.8 MEMORY:83.9
2026-04-04 13:45:34.734804 - ALERT - CPU:16.3 MEMORY:83.7
2026-04-04 13:45:39.735744 - ALERT - CPU:4.4 MEMORY:83.8
2026-04-04 13:46:24.829841 - ALERT - CPU:4.4 MEMORY:83.6
2026-04-04 13:46:49.669542 - ALERT - CPU:17.2 MEMORY:83.8
2026-04-04 13:46:59.721448 - ALERT - CPU:18.2 MEMORY:84.8
2026-04-04 13:47:04.681465 - ALERT - CPU:5.3 MEMORY:85.4
2026-04-04 13:47:09.763526 - ALERT - CPU:13.7 MEMORY:85.3
2026-04-04 13:47:14.704767 - ALERT - CPU:9.6 MEMORY:85.3
2026-04-04 13:47:19.780818 - ALERT - CPU:18.2 MEMORY:85.1
2026-04-04 13:47:24.802924 - ALERT - CPU:7.0 MEMORY:84.9
2026-04-04 13:47:29.752123 - ALERT - CPU:5.4 MEMORY:85.0
2026-04-04 13:47:54.790782 - ALERT - CPU:16.7 MEMORY:83.6
2026-04-04 13:48:34.749901 - ALERT - CPU:23.4 MEMORY:83.5
2026-04-04 13:48:44.812296 - ALERT - CPU:14.7 MEMORY:83.4
2026-04-04 13:48:54.736784 - ALERT - CPU:6.0 MEMORY:83.4
2026-04-04 13:48:59.750592 - ALERT - CPU:11.8 MEMORY:83.3
2026-04-04 13:49:19.700886 - ALERT - CPU:19.9 MEMORY:84.3
2026-04-04 13:49:29.800268 - ALERT - CPU:18.8 MEMORY:85.0
2026-04-04 13:49:34.677206 - ALERT - CPU:14.7 MEMORY:85.0
2026-04-04 13:49:39.681560 - ALERT - CPU:14.7 MEMORY:85.4
2026-04-04 13:49:44.697259 - ALERT - CPU:10.8 MEMORY:85.3
2026-04-04 13:49:49.728827 - ALERT - CPU:12.4 MEMORY:85.5
2026-04-04 13:49:54.690387 - ALERT - CPU:20.2 MEMORY:85.8
2026-04-04 13:50:14.701993 - ALERT - CPU:31.5 MEMORY:84.8
2026-04-04 13:50:44.748548 - ALERT - CPU:8.1 MEMORY:84.8
2026-04-04 13:51:24.804870 - ALERT - CPU:7.1 MEMORY:84.3
2026-04-04 13:51:49.745099 - ALERT - CPU:31.9 MEMORY:84.7
2026-04-04 13:52:34.709103 - ALERT - CPU:14.5 MEMORY:83.9
2026-04-04 13:57:24.670681 - ALERT - CPU:6.2 MEMORY:82.4
2026-04-04 13:57:29.770655 - ALERT - CPU:28.9 MEMORY:83.0
2026-04-04 13:57:34.681937 - ALERT - CPU:6.8 MEMORY:82.9
2026-04-04 13:57:39.803858 - ALERT - CPU:25.5 MEMORY:83.2
2026-04-04 13:57:39.932108 - ALERT - CPU:26.6 MEMORY:83.2
2026-04-04 13:57:44.647986 - ALERT - CPU:13.1 MEMORY:82.8
2026-04-04 13:58:04.617220 - ALERT - CPU:9.4 MEMORY:82.6
2026-04-04 13:58:09.717604 - ALERT - CPU:29.1 MEMORY:83.6
2026-04-04 13:58:29.641701 - ALERT - CPU:32.0 MEMORY:83.1
2026-04-04 13:59:04.687704 - ALERT - CPU:3.8 MEMORY:82.6
2026-04-04 13:59:09.644307 - ALERT - CPU:30.2 MEMORY:82.8
2026-04-04 13:59:14.642465 - ALERT - CPU:24.1 MEMORY:87.3
2026-04-04 13:59:19.630940 - ALERT - CPU:47.0 MEMORY:90.6
2026-04-04 13:59:24.688162 - ALERT - CPU:31.0 MEMORY:80.9
2026-04-04 13:59:29.648358 - ALERT - CPU:25.5 MEMORY:81.5
2026-04-04 13:59:34.635972 - ALERT - CPU:6.4 MEMORY:81.6
2026-04-04 13:59:49.645134 - ALERT - CPU:40.7 MEMORY:80.5
2026-04-11 17:04:59.895283 - CRITICAL ALERT - CPU:35.6 MEMORY:86.4
2026-04-11 17:06:09.882301 - CRITICAL ALERT - CPU:44.5 MEMORY:86.9
2026-04-11 17:08:24.938411 - CRITICAL ALERT - CPU:6.8 MEMORY:85.9
2026-04-11 17:08:34.884531 - CRITICAL ALERT - CPU:5.0 MEMORY:86.1
2026-04-11 17:08:54.892536 - CRITICAL ALERT - CPU:6.9 MEMORY:85.5
2026-04-11 17:09:09.845030 - CRITICAL ALERT - CPU:30.4 MEMORY:87.2
2026-04-11 17:09:39.848365 - CRITICAL ALERT - CPU:25.0 MEMORY:85.7
2026-04-11 17:09:44.874869 - CRITICAL ALERT - CPU:10.6 MEMORY:85.5
2026-04-11 17:10:04.823838 - CRITICAL ALERT - CPU:8.5 MEMORY:85.4
2026-04-11 17:10:19.905792 - CRITICAL ALERT - CPU:18.1 MEMORY:88.0
2026-04-11 17:10:24.954013 - CRITICAL ALERT - CPU:25.8 MEMORY:89.3
2026-04-11 17:10:29.852572 - WARNING ALERT - CPU:18.3 MEMORY:83.9
2026-04-11 17:10:34.797415 - WARNING ALERT - CPU:11.3 MEMORY:84.1
2026-04-11 17:10:39.857254 - WARNING ALERT - CPU:11.8 MEMORY:83.6
2026-04-11 17:10:44.871217 - WARNING ALERT - CPU:4.7 MEMORY:82.7
2026-04-11 17:10:49.880788 - WARNING ALERT - CPU:8.6 MEMORY:83.0
2026-04-11 17:10:54.897620 - WARNING ALERT - CPU:8.0 MEMORY:82.9
2026-04-11 17:11:14.841955 - WARNING ALERT - CPU:20.3 MEMORY:83.0
2026-04-11 17:14:30.077627 - CRITICAL ALERT - CPU:22.4 MEMORY:85.2
2026-04-11 17:14:34.805155 - CRITICAL ALERT - CPU:11.6 MEMORY:85.4
2026-04-11 17:14:39.842888 - CRITICAL ALERT - CPU:11.4 MEMORY:85.6
2026-04-11 17:14:59.911692 - CRITICAL ALERT - CPU:30.8 MEMORY:85.7
2026-04-11 17:15:04.822926 - CRITICAL ALERT - CPU:23.7 MEMORY:85.7
2026-04-11 17:15:09.789468 - WARNING ALERT - CPU:23.7 MEMORY:84.9
2026-04-11 17:15:49.846184 - WARNING ALERT - CPU:11.8 MEMORY:82.9
2026-04-11 17:15:54.832813 - WARNING ALERT - CPU:9.5 MEMORY:82.7
2026-04-11 17:15:59.854792 - WARNING ALERT - CPU:7.1 MEMORY:82.7
2026-04-11 17:16:04.861307 - WARNING ALERT - CPU:6.7 MEMORY:82.6
2026-04-11 17:17:29.807505 - WARNING ALERT - CPU:15.3 MEMORY:81.5
2026-04-11 17:17:34.785940 - WARNING ALERT - CPU:6.4 MEMORY:81.5
2026-04-11 17:17:39.756141 - WARNING ALERT - CPU:8.7 MEMORY:81.4
2026-04-11 17:18:49.828759 - WARNING ALERT - CPU:15.5 MEMORY:81.9
2026-04-11 17:18:53.056995 - WARNING ALERT - CPU:18.5 MEMORY:81.6
2026-04-11 17:19:00.696663 - WARNING ALERT - CPU:27.6 MEMORY:81.8
2026-04-11 17:20:54.682865 - WARNING ALERT - CPU:36.9 MEMORY:82.6
2026-04-11 17:20:59.800404 - WARNING ALERT - CPU:11.7 MEMORY:82.6
2026-04-11 17:21:04.778251 - WARNING ALERT - CPU:30.5 MEMORY:82.9
2026-04-11 17:21:09.774868 - WARNING ALERT - CPU:8.8 MEMORY:83.1
2026-04-11 17:21:14.768147 - WARNING ALERT - CPU:7.5 MEMORY:83.0
2026-04-11 17:21:19.778179 - WARNING ALERT - CPU:14.5 MEMORY:83.3
2026-04-11 17:21:24.741236 - WARNING ALERT - CPU:12.6 MEMORY:83.5
2026-04-11 17:21:29.796360 - WARNING ALERT - CPU:15.8 MEMORY:83.4
2026-04-11 17:21:34.764650 - WARNING ALERT - CPU:14.2 MEMORY:83.6
2026-04-11 17:22:24.876866 - WARNING ALERT - CPU:49.4 MEMORY:82.9
2026-04-11 17:22:29.839879 - WARNING ALERT - CPU:19.7 MEMORY:83.8
2026-04-11 17:24:14.751756 - WARNING ALERT - CPU:4.1 MEMORY:83.6
2026-04-11 17:24:34.759383 - WARNING ALERT - CPU:3.2 MEMORY:81.9
2026-04-11 17:25:34.723960 - WARNING ALERT - CPU:6.3 MEMORY:81.7
2026-04-11 17:25:44.756453 - WARNING ALERT - CPU:3.7 MEMORY:81.7
2026-04-11 17:25:59.793748 - WARNING ALERT - CPU:4.3 MEMORY:81.6
2026-04-11 19:44:49.804864 - WARNING ALERT - CPU:5.4 MEMORY:79.8 - FIX: Memory usage increasing. Consider freeing unused memory.
2026-04-11 19:44:54.790149 - WARNING ALERT - CPU:19.9 MEMORY:79.6 - FIX: Memory usage increasing. Consider freeing unused memory.
2026-04-11 19:44:59.791704 - WARNING ALERT - CPU:10.4 MEMORY:79.5 - FIX: Memory usage increasing. Consider freeing unused memory.
2026-04-11 19:45:15.008335 - WARNING ALERT - CPU:16.9 MEMORY:80.5 - FIX: Memory usage increasing. Consider freeing unused memory.
2026-04-11 19:46:15.043408 - WARNING ALERT - CPU:23.9 MEMORY:80.3 - FIX: Memory usage increasing. Consider freeing unused memory.
2026-04-11 19:46:19.862740 - WARNING ALERT - CPU:17.9 MEMORY:81.1 - FIX: Memory usage increasing. Consider freeing unused memory.
2026-04-11 19:46:24.990291 - WARNING ALERT - CPU:19.9 MEMORY:81.9 - FIX: Memory usage increasing. Consider freeing unused memory.
2026-04-11 19:49:49.849252 - WARNING ALERT - CPU:5.7 MEMORY:82.0 - FIX: Memory usage increasing. Consider freeing unused memory.
2026-04-11 19:50:39.838447 - WARNING ALERT - CPU:3.0 MEMORY:80.4 - FIX: Memory usage increasing. Consider freeing unused memory.
2026-04-11 19:50:54.786928 - WARNING ALERT - CPU:7.5 MEMORY:79.9 - FIX: Memory usage increasing. Consider freeing unused memory.
2026-04-11 19:51:25.914463 - WARNING ALERT - CPU:17.8 MEMORY:80.0 - FIX: Memory usage increasing. Consider freeing unused memory.
2026-04-11 19:53:54.772523 - WARNING ALERT - CPU:10.5 MEMORY:79.6 - FIX: Memory usage increasing. Consider freeing unused memory.
2026-04-11 19:54:14.756229 - WARNING ALERT - CPU:9.1 MEMORY:79.5 - FIX: Memory usage increasing. Consider freeing unused memory.
2026-04-11 19:54:19.753602 - WARNING ALERT - CPU:5.7 MEMORY:79.4 - FIX: Memory usage increasing. Consider freeing unused memory.
2026-04-11 19:54:39.766487 - WARNING ALERT - CPU:8.6 MEMORY:79.2 - FIX: Memory usage increasing. Consider freeing unused memory.
2026-04-11 19:54:44.863724 - WARNING ALERT - CPU:14.9 MEMORY:79.2 - FIX: Memory usage increasing. Consider freeing unused memory.
2026-04-11 19:54:49.834558 - WARNING ALERT - CPU:14.5 MEMORY:80.0 - FIX: Memory usage increasing. Consider freeing unused memory.
2026-04-11 19:54:54.751477 - WARNING ALERT - CPU:8.9 MEMORY:77.9 - FIX: Memory usage increasing. Consider freeing unused memory.
2026-04-11 19:54:59.769631 - WARNING ALERT - CPU:3.7 MEMORY:77.9 - FIX: Memory usage increasing. Consider freeing unused memory.
2026-04-11 19:55:04.783582 - WARNING ALERT - CPU:1.5 MEMORY:77.9 - FIX: Memory usage increasing. Consider freeing unused memory.
2026-04-11 19:55:09.760611 - WARNING ALERT - CPU:3.8 MEMORY:78.0 - FIX: Memory usage increasing. Consider freeing unused memory.
2026-04-11 20:32:50.448568 - WARNING ALERT - CPU:72.0 MEMORY:80.1 - FIX: Moderate CPU usage. Monitor background processes.
2026-04-11 20:36:55.828104 - WARNING ALERT - CPU:62.4 MEMORY:80.6 - FIX: Moderate CPU usage. Monitor background processes.
2026-04-11 20:37:00.137981 - WARNING ALERT - CPU:71.2 MEMORY:82.0 - FIX: Moderate CPU usage. Monitor background processes.
2026-04-11 20:37:04.885257 - WARNING ALERT - CPU:31.9 MEMORY:83.3 - FIX: Memory usage increasing. Consider freeing unused memory.
2026-04-11 20:37:09.880323 - WARNING ALERT - CPU:9.3 MEMORY:82.7 - FIX: Memory usage increasing. Consider freeing unused memory.
2026-05-14 04:29:47.993154 - NORMAL ALERT - CPU:0.7 MEMORY:13.7 - FIX: System stable. No action needed.
2026-05-14 04:32:09.779227 - NORMAL ALERT - CPU:0.1 MEMORY:14.2 - FIX: System stable. No action needed.
2026-05-14 04:32:14.758082 - NORMAL ALERT - CPU:0.4 MEMORY:13.9 - FIX: System stable. No action needed.
2026-05-14 04:32:34.772774 - NORMAL ALERT - CPU:1.6 MEMORY:13.9 - FIX: System stable. No action needed.
2026-05-14 04:32:39.710560 - NORMAL ALERT - CPU:5.1 MEMORY:14.6 - FIX: System stable. No action needed.
2026-05-14 04:32:44.764343 - NORMAL ALERT - CPU:4.6 MEMORY:14.8 - FIX: System stable. No action needed.
2026-05-14 04:32:49.745380 - NORMAL ALERT - CPU:2.9 MEMORY:15.2 - FIX: System stable. No action needed.
2026-05-14 04:33:09.701519 - NORMAL ALERT - CPU:7.1 MEMORY:15.5 - FIX: System stable. No action needed.
2026-05-14 04:33:19.708547 - NORMAL ALERT - CPU:7.1 MEMORY:14.2 - FIX: System stable. No action needed.
2026-05-14 04:33:34.693422 - NORMAL ALERT - CPU:11.4 MEMORY:14.3 - FIX: System stable. No action needed.
2026-05-14 04:33:49.715409 - NORMAL ALERT - CPU:0.4 MEMORY:15.8 - FIX: System stable. No action needed.
2026-05-14 04:33:54.688611 - NORMAL ALERT - CPU:0.1 MEMORY:15.8 - FIX: System stable. No action needed.
2026-05-14 04:37:39.695405 - NORMAL ALERT - CPU:0.4 MEMORY:15.6 - FIX: System stable. No action needed.
2026-05-14 04:37:54.707834 - NORMAL ALERT - CPU:0.1 MEMORY:15.5 - FIX: System stable. No action needed.
2026-05-14 04:37:59.699673 - NORMAL ALERT - CPU:0.1 MEMORY:15.5 - FIX: System stable. No action needed.
2026-05-14 04:38:04.696011 - NORMAL ALERT - CPU:0.1 MEMORY:15.5 - FIX: System stable. No action needed.
2026-05-14 04:38:14.702524 - NORMAL ALERT - CPU:0.5 MEMORY:15.5 - FIX: System stable. No action needed.
2026-05-14 04:38:34.686315 - NORMAL ALERT - CPU:0.3 MEMORY:15.4 - FIX: System stable. No action needed.
2026-05-14 04:38:39.689994 - NORMAL ALERT - CPU:0.2 MEMORY:15.4 - FIX: System stable. No action needed.
2026-05-14 04:38:49.687793 - NORMAL ALERT - CPU:0.1 MEMORY:15.4 - FIX: System stable. No action needed.
2026-05-14 04:39:34.669473 - NORMAL ALERT - CPU:0.0 MEMORY:15.4 - FIX: System stable. No action needed.
2026-05-14 04:40:14.690092 - NORMAL ALERT - CPU:0.6 MEMORY:15.4 - FIX: System stable. No action needed.
2026-05-14 04:41:09.668439 - NORMAL ALERT - CPU:0.4 MEMORY:15.3 - FIX: System stable. No action needed.
2026-05-14 04:41:14.665700 - NORMAL ALERT - CPU:0.1 MEMORY:15.3 - FIX: System stable. No action needed.
2026-05-14 04:41:24.645816 - NORMAL ALERT - CPU:0.0 MEMORY:15.3 - FIX: System stable. No action needed.
2026-05-14 04:42:24.661444 - NORMAL ALERT - CPU:0.0 MEMORY:15.3 - FIX: System stable. No action needed.
2026-05-14 04:42:34.665148 - NORMAL ALERT - CPU:0.7 MEMORY:15.3 - FIX: System stable. No action needed.
2026-05-14 04:42:54.641982 - NORMAL ALERT - CPU:0.1 MEMORY:15.2 - FIX: System stable. No action needed.
2026-05-14 04:42:59.656772 - NORMAL ALERT - CPU:0.1 MEMORY:15.2 - FIX: System stable. No action needed.
